// Jest Snapshot v1, https://goo.gl/fbAQLP

exports[`FormButtonBar should render component 1`] = `
.c0 {
  margin-top: 24px;
}

<FormButtonBar>
  <styled.div>
    <StyledComponent
      forwardedComponent={
        Object {
          "$$typeof": Symbol(react.forward_ref),
          "attrs": Array [],
          "componentStyle": ComponentStyle {
            "componentId": "sc-bdVaJa",
            "isStatic": true,
            "lastClassName": "c0",
            "rules": Array [
              "
  margin-top: 24px;
",
            ],
          },
          "displayName": "styled.div",
          "foldedComponentIds": Array [],
          "render": [Function],
          "styledComponentId": "sc-bdVaJa",
          "target": "div",
          "toString": [Function],
          "warnTooManyClasses": [Function],
          "withComponent": [Function],
        }
      }
      forwardedRef={null}
    >
      <div
        className="c0"
      >
        <button
          type="button"
        >
          Test button
        </button>
      </div>
    </StyledComponent>
  </styled.div>
</FormButtonBar>
`;
